===== C37 归因量测：AC-6 保真对照的 float-repr 面（2026-09-23 CI 三连红）=====
captured_at=2026-09-26T15:40:58+02:00 branch=dev HEAD=3a1297e
git status --porcelain（本轮改动文件）:
   M scripts/codemod/compare_with_upstream.py
   M tests/test_port_fidelity.py
  ?? docs/evidence/C37/
命令 A（本机栈）: python docs/evidence/C37/attribution.py
命令 B（CI 同装栈）: /tmp/venv-pd306/bin/python docs/evidence/C37/attribution.py
两份输出都完整未裁剪地归档在本文件里；[4c] 一节就是为了让同一脚本在两套栈下各跑一遍。
RUN B 的 [2] 显式改走按文件加载：那个 venv 装不到 opendata_http 全树（缺 py_mini_racer），不是仓库缺陷。

########## RUN A：本机栈 ##########

========================================================================
[0] 环境面：跑这一遍所用的解释器与数值栈
========================================================================
  python  : 3.13.5 | packaged by Anaconda, Inc. | (main, Jun 12 2025, 11:23:37) [Clang 14.0.6 ]
  pandas  : 2.3.1
  numpy   : 2.3.1
  bottleneck: 1.5.0（已安装）
  compute.use_bottleneck = True
  compute.use_numexpr    = True
  CI 侧: .github/workflows/ci.yml 用 python 3.11 + pip install -e '.[web,dev]'，
        pandas/numpy 未钉版本，实测装到的是 pandas 3.0.6 / numpy 2.4.6（见 ci-env-diff.txt）。

========================================================================
[1] 夹具面：录制回来的 reference.csv.gz 里这些格子写着什么
========================================================================
  流动资产合计[11] dtype=object -> '218472857114.40997'
  资产总计[10] dtype=object -> '272699660092.24997'
  资产总计[19] dtype=object -> '224702253941.12997'
  未分配利润[7] dtype=object -> '192903581645.12997'
  归属于母公司股东权益合计[5] dtype=object -> '258357842676.40997'
  归属于母公司股东权益合计[17] dtype=object -> '206782990983.24997'
  => 录制侧文本与 CI 报错的左值逐字符相同：CI 读到的夹具就是这一份。

========================================================================
[2] 回放面：本机把录制响应喂给搬运层，这些格子算出什么
========================================================================
  搬运层: opendata_http.stock_financial_report_sina({'stock': 'sh600519', 'symbol': '资产负债表'})
  加载方式: 判据自己的加载器：opendata_http 包 __init__ 全量导入
  HTTP 调用数：录制 1，回放 1
  流动资产合计[11] -> 218472857114.40997（type=float）
  资产总计[10] -> 272699660092.24997（type=float）
  资产总计[19] -> 224702253941.12997（type=float）
  未分配利润[7] -> 192903581645.12997（type=float）
  归属于母公司股东权益合计[5] -> 258357842676.40997（type=float）
  归属于母公司股东权益合计[17] -> 206782990983.24997（type=float）
  _compare_frames: diff=0 条，容忍度说明=0 条
  => 本机取值与录制夹具逐字符相等：这一格在本机既不进 diff，也不进容忍度分支。

========================================================================
[3] 源文本面：上游 JSON 响应里这些数是几位有效数字
========================================================================
  流动资产合计[11]: item_value = '218472857114.409970'（有效数字 18 位）
  资产总计[10]: item_value = '272699660092.249970'（有效数字 18 位）
  资产总计[19]: item_value = '224702253941.129970'（有效数字 18 位）
  未分配利润[7]: item_value = '192903581645.129970'（有效数字 18 位）
  归属于母公司股东权益合计[5]: item_value = '258357842676.409970'（有效数字 18 位）
  归属于母公司股东权益合计[17]: item_value = '206782990983.249970'（有效数字 18 位）
  => 整份响应里十进制 item_value 共 4855 条，
     其中有效数字 >15 位的 2435 条，按 %.15g 走一遍会改变位型的 39 条（去重 32 个取值）。
     新浪给的是 18 位有效数字的字符串，不是两位小数；
     「字符串 -> 文本」这一步才是 ...40997 / ...41 分歧的唯一来源。

========================================================================
[4] 转换面：本机把源文本变成 double 的路径（逐条列出位型）
========================================================================

  —— 流动资产合计[11]，源文本 '218472857114.409970'
  源文本 '218472857114.409970'
    float(text)                 -> 218472857114.40997  0x1.96eff9f0d347ap+37
    pd.to_numeric(Series)[0]    -> np.float64(218472857114.40997)  0x1.96eff9f0d347ap+37
    Series.astype(float)[0]     -> np.float64(218472857114.40997)  0x1.96eff9f0d347ap+37
    pd.read_csv 默认          -> 218472857114.40997  0x1.96eff9f0d347ap+37
    pd.read_csv round_trip  -> 218472857114.40997  0x1.96eff9f0d347ap+37
    pd.read_csv legacy      -> 218472857114.40994  0x1.96eff9f0d3479p+37
    pd.read_csv high        -> 218472857114.40997  0x1.96eff9f0d347ap+37

  —— 资产总计[10]，源文本 '272699660092.249970'
  源文本 '272699660092.249970'
    float(text)                 -> 272699660092.24997  0x1.fbf154b9e1fffp+37
    pd.to_numeric(Series)[0]    -> np.float64(272699660092.24997)  0x1.fbf154b9e1fffp+37
    Series.astype(float)[0]     -> np.float64(272699660092.24997)  0x1.fbf154b9e1fffp+37
    pd.read_csv 默认          -> 272699660092.24997  0x1.fbf154b9e1fffp+37
    pd.read_csv round_trip  -> 272699660092.24997  0x1.fbf154b9e1fffp+37
    pd.read_csv legacy      -> 272699660092.24994  0x1.fbf154b9e1ffep+37
    pd.read_csv high        -> 272699660092.24997  0x1.fbf154b9e1fffp+37

  —— 资产总计[19]，源文本 '224702253941.129970'
  源文本 '224702253941.129970'
    float(text)                 -> 224702253941.12997  0x1.a28a625ba90a3p+37
    pd.to_numeric(Series)[0]    -> np.float64(224702253941.12997)  0x1.a28a625ba90a3p+37
    Series.astype(float)[0]     -> np.float64(224702253941.12997)  0x1.a28a625ba90a3p+37
    pd.read_csv 默认          -> 224702253941.12997  0x1.a28a625ba90a3p+37
    pd.read_csv round_trip  -> 224702253941.12997  0x1.a28a625ba90a3p+37
    pd.read_csv legacy      -> 224702253941.12994  0x1.a28a625ba90a2p+37
    pd.read_csv high        -> 224702253941.12997  0x1.a28a625ba90a3p+37

  —— 未分配利润[7]，源文本 '192903581645.129970'
  源文本 '192903581645.129970'
    float(text)                 -> 192903581645.12997  0x1.674f987e690a3p+37
    pd.to_numeric(Series)[0]    -> np.float64(192903581645.12997)  0x1.674f987e690a3p+37
    Series.astype(float)[0]     -> np.float64(192903581645.12997)  0x1.674f987e690a3p+37
    pd.read_csv 默认          -> 192903581645.12997  0x1.674f987e690a3p+37
    pd.read_csv round_trip  -> 192903581645.12997  0x1.674f987e690a3p+37
    pd.read_csv legacy      -> 192903581645.12994  0x1.674f987e690a2p+37
    pd.read_csv high        -> 192903581645.12997  0x1.674f987e690a3p+37

  —— 归属于母公司股东权益合计[5]，源文本 '258357842676.409970'
  源文本 '258357842676.409970'
    float(text)                 -> 258357842676.40997  0x1.e13a9e97a347ap+37
    pd.to_numeric(Series)[0]    -> np.float64(258357842676.40997)  0x1.e13a9e97a347ap+37
    Series.astype(float)[0]     -> np.float64(258357842676.40997)  0x1.e13a9e97a347ap+37
    pd.read_csv 默认          -> 258357842676.40997  0x1.e13a9e97a347ap+37
    pd.read_csv round_trip  -> 258357842676.40997  0x1.e13a9e97a347ap+37
    pd.read_csv legacy      -> 258357842676.40994  0x1.e13a9e97a3479p+37
    pd.read_csv high        -> 258357842676.40997  0x1.e13a9e97a347ap+37

  —— 归属于母公司股东权益合计[17]，源文本 '206782990983.249970'
  源文本 '206782990983.249970'
    float(text)                 -> 206782990983.24997  0x1.8129d05439fffp+37
    pd.to_numeric(Series)[0]    -> np.float64(206782990983.24997)  0x1.8129d05439fffp+37
    Series.astype(float)[0]     -> np.float64(206782990983.24997)  0x1.8129d05439fffp+37
    pd.read_csv 默认          -> 206782990983.24997  0x1.8129d05439fffp+37
    pd.read_csv round_trip  -> 206782990983.24997  0x1.8129d05439fffp+37
    pd.read_csv legacy      -> 206782990983.24994  0x1.8129d05439ffep+37
    pd.read_csv high        -> 206782990983.24997  0x1.8129d05439fffp+37

  读法: float()/json 走 strtod（正确舍入，跨版本稳定）；
        pd.to_numeric 与 pd.read_csv 各自走 pandas 的解析核，
        其中 xstrtod 一类核先按十进制累积再除 10^k，
        在 long double 精度不同的平台上对 17~18 位输入不保证同一结果。

========================================================================
[4b] 靶子：CI 右值的位型能否由本机任何一条路径复现
========================================================================

  —— 流动资产合计[11] 源文本 '218472857114.409970'
     正确舍入     : 218472857114.40997  0x1.96eff9f0d347ap+37
     CI 报的右值  : 218472857114.41  0x1.96eff9f0d347bp+37
     两者相差     : 1 ULP，rel=1.4e-16
  float(text)               -> 218472857114.40997       0x1.96eff9f0d347ap+37  未命中
  pd.to_numeric             -> 218472857114.40997       0x1.96eff9f0d347ap+37  未命中
  Series.astype(float)      -> 218472857114.40997       0x1.96eff9f0d347ap+37  未命中
  read_csv 默认               -> 218472857114.40997       0x1.96eff9f0d347ap+37  未命中
  read_csv high             -> 218472857114.40997       0x1.96eff9f0d347ap+37  未命中
  read_csv legacy           -> 218472857114.40994       0x1.96eff9f0d3479p+37  未命中
  read_csv round_trip       -> 218472857114.40997       0x1.96eff9f0d347ap+37  未命中
  各位数字拼整数再除 10^k            -> 218472857114.40997       0x1.96eff9f0d347ap+37  未命中
  先印 15 位有效再读回              -> 218472857114.41          0x1.96eff9f0d347bp+37  命中 CI 位型
  先印 17 位有效再读回              -> 218472857114.40997       0x1.96eff9f0d347ap+37  未命中
     本机 10 条路径命中 1 条

  —— 资产总计[10] 源文本 '272699660092.249970'
     正确舍入     : 272699660092.24997  0x1.fbf154b9e1fffp+37
     CI 报的右值  : 272699660092.25  0x1.fbf154b9e2000p+37
     两者相差     : 1 ULP，rel=1.12e-16
  float(text)               -> 272699660092.24997       0x1.fbf154b9e1fffp+37  未命中
  pd.to_numeric             -> 272699660092.24997       0x1.fbf154b9e1fffp+37  未命中
  Series.astype(float)      -> 272699660092.24997       0x1.fbf154b9e1fffp+37  未命中
  read_csv 默认               -> 272699660092.24997       0x1.fbf154b9e1fffp+37  未命中
  read_csv high             -> 272699660092.24997       0x1.fbf154b9e1fffp+37  未命中
  read_csv legacy           -> 272699660092.24994       0x1.fbf154b9e1ffep+37  未命中
  read_csv round_trip       -> 272699660092.24997       0x1.fbf154b9e1fffp+37  未命中
  各位数字拼整数再除 10^k            -> 272699660092.24997       0x1.fbf154b9e1fffp+37  未命中
  先印 15 位有效再读回              -> 272699660092.25          0x1.fbf154b9e2000p+37  命中 CI 位型
  先印 17 位有效再读回              -> 272699660092.24997       0x1.fbf154b9e1fffp+37  未命中
     本机 10 条路径命中 1 条

  —— 资产总计[19] 源文本 '224702253941.129970'
     正确舍入     : 224702253941.12997  0x1.a28a625ba90a3p+37
     CI 报的右值  : 224702253941.13  0x1.a28a625ba90a4p+37
     两者相差     : 1 ULP，rel=1.36e-16
  float(text)               -> 224702253941.12997       0x1.a28a625ba90a3p+37  未命中
  pd.to_numeric             -> 224702253941.12997       0x1.a28a625ba90a3p+37  未命中
  Series.astype(float)      -> 224702253941.12997       0x1.a28a625ba90a3p+37  未命中
  read_csv 默认               -> 224702253941.12997       0x1.a28a625ba90a3p+37  未命中
  read_csv high             -> 224702253941.12997       0x1.a28a625ba90a3p+37  未命中
  read_csv legacy           -> 224702253941.12994       0x1.a28a625ba90a2p+37  未命中
  read_csv round_trip       -> 224702253941.12997       0x1.a28a625ba90a3p+37  未命中
  各位数字拼整数再除 10^k            -> 224702253941.12997       0x1.a28a625ba90a3p+37  未命中
  先印 15 位有效再读回              -> 224702253941.13          0x1.a28a625ba90a4p+37  命中 CI 位型
  先印 17 位有效再读回              -> 224702253941.12997       0x1.a28a625ba90a3p+37  未命中
     本机 10 条路径命中 1 条

  —— 未分配利润[7] 源文本 '192903581645.129970'
     正确舍入     : 192903581645.12997  0x1.674f987e690a3p+37
     CI 报的右值  : 192903581645.13  0x1.674f987e690a4p+37
     两者相差     : 1 ULP，rel=1.58e-16
  float(text)               -> 192903581645.12997       0x1.674f987e690a3p+37  未命中
  pd.to_numeric             -> 192903581645.12997       0x1.674f987e690a3p+37  未命中
  Series.astype(float)      -> 192903581645.12997       0x1.674f987e690a3p+37  未命中
  read_csv 默认               -> 192903581645.12997       0x1.674f987e690a3p+37  未命中
  read_csv high             -> 192903581645.12997       0x1.674f987e690a3p+37  未命中
  read_csv legacy           -> 192903581645.12994       0x1.674f987e690a2p+37  未命中
  read_csv round_trip       -> 192903581645.12997       0x1.674f987e690a3p+37  未命中
  各位数字拼整数再除 10^k            -> 192903581645.12997       0x1.674f987e690a3p+37  未命中
  先印 15 位有效再读回              -> 192903581645.13          0x1.674f987e690a4p+37  命中 CI 位型
  先印 17 位有效再读回              -> 192903581645.12997       0x1.674f987e690a3p+37  未命中
     本机 10 条路径命中 1 条

  —— 归属于母公司股东权益合计[5] 源文本 '258357842676.409970'
     正确舍入     : 258357842676.40997  0x1.e13a9e97a347ap+37
     CI 报的右值  : 258357842676.41  0x1.e13a9e97a347bp+37
     两者相差     : 1 ULP，rel=1.18e-16
  float(text)               -> 258357842676.40997       0x1.e13a9e97a347ap+37  未命中
  pd.to_numeric             -> 258357842676.40997       0x1.e13a9e97a347ap+37  未命中
  Series.astype(float)      -> 258357842676.40997       0x1.e13a9e97a347ap+37  未命中
  read_csv 默认               -> 258357842676.40997       0x1.e13a9e97a347ap+37  未命中
  read_csv high             -> 258357842676.40997       0x1.e13a9e97a347ap+37  未命中
  read_csv legacy           -> 258357842676.40994       0x1.e13a9e97a3479p+37  未命中
  read_csv round_trip       -> 258357842676.40997       0x1.e13a9e97a347ap+37  未命中
  各位数字拼整数再除 10^k            -> 258357842676.40997       0x1.e13a9e97a347ap+37  未命中
  先印 15 位有效再读回              -> 258357842676.41          0x1.e13a9e97a347bp+37  命中 CI 位型
  先印 17 位有效再读回              -> 258357842676.40997       0x1.e13a9e97a347ap+37  未命中
     本机 10 条路径命中 1 条

  —— 归属于母公司股东权益合计[17] 源文本 '206782990983.249970'
     正确舍入     : 206782990983.24997  0x1.8129d05439fffp+37
     CI 报的右值  : 206782990983.25  0x1.8129d0543a000p+37
     两者相差     : 1 ULP，rel=1.48e-16
  float(text)               -> 206782990983.24997       0x1.8129d05439fffp+37  未命中
  pd.to_numeric             -> 206782990983.24997       0x1.8129d05439fffp+37  未命中
  Series.astype(float)      -> 206782990983.24997       0x1.8129d05439fffp+37  未命中
  read_csv 默认               -> 206782990983.24997       0x1.8129d05439fffp+37  未命中
  read_csv high             -> 206782990983.24997       0x1.8129d05439fffp+37  未命中
  read_csv legacy           -> 206782990983.24994       0x1.8129d05439ffep+37  未命中
  read_csv round_trip       -> 206782990983.24997       0x1.8129d05439fffp+37  未命中
  各位数字拼整数再除 10^k            -> 206782990983.24997       0x1.8129d05439fffp+37  未命中
  先印 15 位有效再读回              -> 206782990983.25          0x1.8129d0543a000p+37  命中 CI 位型
  先印 17 位有效再读回              -> 206782990983.24997       0x1.8129d05439fffp+37  未命中
     本机 10 条路径命中 1 条

  读法：命中 %.15g 那条不是「又一个解析核」，它是渲染位数的问题——
        CI 右值那个文本既可以是 1 ULP 之外 double 的最短表示，
        也可以是同一个正确 double 被按 15 位有效数字印出来；
        两种解释给出的文本一模一样，从 CI 日志分不开。
        本轮不需要分：两个解释都是「同一个数、最后一位有效数字的呈现差」，
        rel 1.4e-16，落在 AC-6 自己的 rtol=1e-9 里；
        要判的从来不是「repr 相等」，而是「取值在容忍度内」。

========================================================================
[4c] 跨栈复现：CI 解析出来的那套 pandas/numpy 能否在本机复现右值
========================================================================
  跑法（同一个脚本，两个解释器各跑一遍，两份输出都进 attribution.log）：
    本机栈    : python docs/evidence/C37/attribution.py
    CI 同装栈 : /tmp/venv-pd306/bin/python docs/evidence/C37/attribution.py
                （python -m venv /tmp/venv-pd306 && pip install pandas==3.0.6 numpy==2.4.6，版本抄自 CI 的 Successfully installed 清单）
  流动资产合计[11]                   pd.to_numeric -> '218472857114.40997'   CI 右值 '218472857114.41'      未复现
  资产总计[10]                     pd.to_numeric -> '272699660092.24997'   CI 右值 '272699660092.25'      未复现
  资产总计[19]                     pd.to_numeric -> '224702253941.12997'   CI 右值 '224702253941.13'      未复现
  未分配利润[7]                     pd.to_numeric -> '192903581645.12997'   CI 右值 '192903581645.13'      未复现
  归属于母公司股东权益合计[5]              pd.to_numeric -> '258357842676.40997'   CI 右值 '258357842676.41'      未复现
  归属于母公司股东权益合计[17]             pd.to_numeric -> '206782990983.24997'   CI 右值 '206782990983.25'      未复现
  => 本栈（pandas 2.3.1 / numpy 2.3.1）复现 0 例。
     搬运层真函数在两个栈里都跑过（见 cross-env-port-replay.txt）：
     pandas 3.0.6 / numpy 2.4.6 下这六格仍是 ...40997，
     所以「CI 装了 pandas 3.x 所以解析核不同」这条假设被实测否掉。
     simplejson 也在本机装着（requests 的 .json() 走它），
     它对这六个字面量给的是正确舍入值，同样不是这一面。
     剩下没测的一条：CI 是 x86-64 Linux + python 3.11，
     pandas 的字符串解析核在 long double 上累加，跨平台位型可变；
     本机是 arm64 macOS（long double == double），装不到那个平台。
     要闭死它需要在 Linux 容器里跑同一个脚本 —— 本机 docker daemon 未启动，
     起 VM 不在本轮范围内，留作下一步。

========================================================================
[4d] 时间面：CI 报错的 commit 上，代码与夹具是不是现在这一份
========================================================================
  判据文件与搬运层在 e2f1c60（三次红的 headSha）到 HEAD 之间的差异：
    $ git diff --stat e2f1c60 HEAD -- opendata_http/stock_fundamental/stock_finance_sina.py
    $ git show e2f1c60:opendata_http/stock_fundamental/stock_finance_sina.py | grep -n 'to_numeric'
    $ git show e2f1c60:tests/fixtures/upstream/financial_statement/reference.csv.gz | gzip -dc | 取 流动资产合计[11]
    $ git show e2f1c60:scripts/codemod/compare_with_upstream.py | grep -n 'def _cell' -A 23
  => 实测结论（记在 README §2）：那一行 pd.to_numeric 逐字未变，
     旧 _cell 的非数值分支同样是 str(value)，
     e2f1c60 的夹具里源文本仍是 218472857114.409970、格子文本仍是 ...40997。
     代码与夹具两侧都不是变量，剩下的唯一变量是跑它的环境。

========================================================================
[5] 反事实：CI 报错的六对照，逐条喂给旧判据与新判据
========================================================================
  （左=录制夹具文本，右=CI 上搬运层印出来的 str()）
  六对取值逐字抄自 docs/evidence/C36/ci-red-streak-0923-cause.txt 的 assert 行

  —— 流动资产合计[11]: '218472857114.40997' vs '218472857114.41'
    右值自洽性: str(float('218472857114.41')) 仍是 '218472857114.41' -> True（与左值相差 1 ULP）
    旧判据（按文本判）: 红
    新判据: diff=0 条，容忍度说明=1 条
      cell col[0]: 文本不同但浮点在 rtol=1e-09 内一致（218472857114.40997 -> 218472857114.41，abs=3.05e-05，rel=1.4e-16）

  —— 资产总计[10]: '272699660092.24997' vs '272699660092.25'
    右值自洽性: str(float('272699660092.25')) 仍是 '272699660092.25' -> True（与左值相差 1 ULP）
    旧判据（按文本判）: 红
    新判据: diff=0 条，容忍度说明=1 条
      cell col[0]: 文本不同但浮点在 rtol=1e-09 内一致（272699660092.24997 -> 272699660092.25，abs=3.05e-05，rel=1.12e-16）

  —— 资产总计[19]: '224702253941.12997' vs '224702253941.13'
    右值自洽性: str(float('224702253941.13')) 仍是 '224702253941.13' -> True（与左值相差 1 ULP）
    旧判据（按文本判）: 红
    新判据: diff=0 条，容忍度说明=1 条
      cell col[0]: 文本不同但浮点在 rtol=1e-09 内一致（224702253941.12997 -> 224702253941.13，abs=3.05e-05，rel=1.36e-16）

  —— 未分配利润[7]: '192903581645.12997' vs '192903581645.13'
    右值自洽性: str(float('192903581645.13')) 仍是 '192903581645.13' -> True（与左值相差 1 ULP）
    旧判据（按文本判）: 红
    新判据: diff=0 条，容忍度说明=1 条
      cell col[0]: 文本不同但浮点在 rtol=1e-09 内一致（192903581645.12997 -> 192903581645.13，abs=3.05e-05，rel=1.58e-16）

  —— 归属于母公司股东权益合计[5]: '258357842676.40997' vs '258357842676.41'
    右值自洽性: str(float('258357842676.41')) 仍是 '258357842676.41' -> True（与左值相差 1 ULP）
    旧判据（按文本判）: 红
    新判据: diff=0 条，容忍度说明=1 条
      cell col[0]: 文本不同但浮点在 rtol=1e-09 内一致（258357842676.40997 -> 258357842676.41，abs=3.05e-05，rel=1.18e-16）

  —— 归属于母公司股东权益合计[17]: '206782990983.24997' vs '206782990983.25'
    右值自洽性: str(float('206782990983.25')) 仍是 '206782990983.25' -> True（与左值相差 1 ULP）
    旧判据（按文本判）: 红
    新判据: diff=0 条，容忍度说明=1 条
      cell col[0]: 文本不同但浮点在 rtol=1e-09 内一致（206782990983.24997 -> 206782990983.25，abs=3.05e-05，rel=1.48e-16）

========================================================================
[6] 量级：漂移相对 AC-6 容忍度是多少
========================================================================
  流动资产合计[11]: abs=3.0517578125e-05 rel=1.3968590207532527e-16 ULP=1
  资产总计[10]: abs=3.0517578125e-05 rel=1.1190911684553032e-16 ULP=1
  资产总计[19]: abs=3.0517578125e-05 rel=1.3581340458202674e-16 ULP=1
  未分配利润[7]: abs=3.0517578125e-05 rel=1.5820120012670819e-16 ULP=1
  归属于母公司股东权益合计[5]: abs=3.0517578125e-05 rel=1.1812135373503212e-16 ULP=1
  归属于母公司股东权益合计[17]: abs=3.0517578125e-05 rel=1.4758263230398874e-16 ULP=1
  AC-6 RTOL = 1e-09（rel 差远小于它；abs 差不是判据里的量）
exitA=0

########## RUN B：CI 同装栈（pandas 3.0.6 / numpy 2.4.6）##########

========================================================================
[0] 环境面：跑这一遍所用的解释器与数值栈
========================================================================
  python  : 3.13.5 | packaged by Anaconda, Inc. | (main, Jun 12 2025, 11:23:37) [Clang 14.0.6 ]
  pandas  : 3.0.6
  numpy   : 2.4.6
  bottleneck: 未安装（ModuleNotFoundError）
  compute.use_bottleneck = True
  compute.use_numexpr    = True
  CI 侧: .github/workflows/ci.yml 用 python 3.11 + pip install -e '.[web,dev]'，
        pandas/numpy 未钉版本，实测装到的是 pandas 3.0.6 / numpy 2.4.6（见 ci-env-diff.txt）。

========================================================================
[1] 夹具面：录制回来的 reference.csv.gz 里这些格子写着什么
========================================================================
  流动资产合计[11] dtype=str -> '218472857114.40997'
  资产总计[10] dtype=str -> '272699660092.24997'
  资产总计[19] dtype=str -> '224702253941.12997'
  未分配利润[7] dtype=str -> '192903581645.12997'
  归属于母公司股东权益合计[5] dtype=str -> '258357842676.40997'
  归属于母公司股东权益合计[17] dtype=str -> '206782990983.24997'
  => 录制侧文本与 CI 报错的左值逐字符相同：CI 读到的夹具就是这一份。

========================================================================
[2] 回放面：本机把录制响应喂给搬运层，这些格子算出什么
========================================================================
  搬运层: opendata_http.stock_financial_report_sina({'stock': 'sh600519', 'symbol': '资产负债表'})
  加载方式: 按文件加载同一模块（cross_env_port_replay.load_fetcher）：本栈装不到全树，缺 'py_mini_racer'
  HTTP 调用数：录制 1，回放 1
  流动资产合计[11] -> 218472857114.40997（type=float）
  资产总计[10] -> 272699660092.24997（type=float）
  资产总计[19] -> 224702253941.12997（type=float）
  未分配利润[7] -> 192903581645.12997（type=float）
  归属于母公司股东权益合计[5] -> 258357842676.40997（type=float）
  归属于母公司股东权益合计[17] -> 206782990983.24997（type=float）
  _compare_frames: diff=0 条，容忍度说明=0 条
  => 本机取值与录制夹具逐字符相等：这一格在本机既不进 diff，也不进容忍度分支。

========================================================================
[3] 源文本面：上游 JSON 响应里这些数是几位有效数字
========================================================================
  流动资产合计[11]: item_value = '218472857114.409970'（有效数字 18 位）
  资产总计[10]: item_value = '272699660092.249970'（有效数字 18 位）
  资产总计[19]: item_value = '224702253941.129970'（有效数字 18 位）
  未分配利润[7]: item_value = '192903581645.129970'（有效数字 18 位）
  归属于母公司股东权益合计[5]: item_value = '258357842676.409970'（有效数字 18 位）
  归属于母公司股东权益合计[17]: item_value = '206782990983.249970'（有效数字 18 位）
  => 整份响应里十进制 item_value 共 4855 条，
     其中有效数字 >15 位的 2435 条，按 %.15g 走一遍会改变位型的 39 条（去重 32 个取值）。
     新浪给的是 18 位有效数字的字符串，不是两位小数；
     「字符串 -> 文本」这一步才是 ...40997 / ...41 分歧的唯一来源。

========================================================================
[4] 转换面：本机把源文本变成 double 的路径（逐条列出位型）
========================================================================

  —— 流动资产合计[11]，源文本 '218472857114.409970'
  源文本 '218472857114.409970'
    float(text)                 -> 218472857114.40997  0x1.96eff9f0d347ap+37
    pd.to_numeric(Series)[0]    -> np.float64(218472857114.40997)  0x1.96eff9f0d347ap+37
    Series.astype(float)[0]     -> np.float64(218472857114.40997)  0x1.96eff9f0d347ap+37
    pd.read_csv 默认          -> 218472857114.40997  0x1.96eff9f0d347ap+37
    pd.read_csv round_trip  -> 218472857114.40997  0x1.96eff9f0d347ap+37
    pd.read_csv legacy      -> 218472857114.40994  0x1.96eff9f0d3479p+37
    pd.read_csv high        -> 218472857114.40997  0x1.96eff9f0d347ap+37

  —— 资产总计[10]，源文本 '272699660092.249970'
  源文本 '272699660092.249970'
    float(text)                 -> 272699660092.24997  0x1.fbf154b9e1fffp+37
    pd.to_numeric(Series)[0]    -> np.float64(272699660092.24997)  0x1.fbf154b9e1fffp+37
    Series.astype(float)[0]     -> np.float64(272699660092.24997)  0x1.fbf154b9e1fffp+37
    pd.read_csv 默认          -> 272699660092.24997  0x1.fbf154b9e1fffp+37
    pd.read_csv round_trip  -> 272699660092.24997  0x1.fbf154b9e1fffp+37
    pd.read_csv legacy      -> 272699660092.24994  0x1.fbf154b9e1ffep+37
    pd.read_csv high        -> 272699660092.24997  0x1.fbf154b9e1fffp+37

  —— 资产总计[19]，源文本 '224702253941.129970'
  源文本 '224702253941.129970'
    float(text)                 -> 224702253941.12997  0x1.a28a625ba90a3p+37
    pd.to_numeric(Series)[0]    -> np.float64(224702253941.12997)  0x1.a28a625ba90a3p+37
    Series.astype(float)[0]     -> np.float64(224702253941.12997)  0x1.a28a625ba90a3p+37
    pd.read_csv 默认          -> 224702253941.12997  0x1.a28a625ba90a3p+37
    pd.read_csv round_trip  -> 224702253941.12997  0x1.a28a625ba90a3p+37
    pd.read_csv legacy      -> 224702253941.12994  0x1.a28a625ba90a2p+37
    pd.read_csv high        -> 224702253941.12997  0x1.a28a625ba90a3p+37

  —— 未分配利润[7]，源文本 '192903581645.129970'
  源文本 '192903581645.129970'
    float(text)                 -> 192903581645.12997  0x1.674f987e690a3p+37
    pd.to_numeric(Series)[0]    -> np.float64(192903581645.12997)  0x1.674f987e690a3p+37
    Series.astype(float)[0]     -> np.float64(192903581645.12997)  0x1.674f987e690a3p+37
    pd.read_csv 默认          -> 192903581645.12997  0x1.674f987e690a3p+37
    pd.read_csv round_trip  -> 192903581645.12997  0x1.674f987e690a3p+37
    pd.read_csv legacy      -> 192903581645.12994  0x1.674f987e690a2p+37
    pd.read_csv high        -> 192903581645.12997  0x1.674f987e690a3p+37

  —— 归属于母公司股东权益合计[5]，源文本 '258357842676.409970'
  源文本 '258357842676.409970'
    float(text)                 -> 258357842676.40997  0x1.e13a9e97a347ap+37
    pd.to_numeric(Series)[0]    -> np.float64(258357842676.40997)  0x1.e13a9e97a347ap+37
    Series.astype(float)[0]     -> np.float64(258357842676.40997)  0x1.e13a9e97a347ap+37
    pd.read_csv 默认          -> 258357842676.40997  0x1.e13a9e97a347ap+37
    pd.read_csv round_trip  -> 258357842676.40997  0x1.e13a9e97a347ap+37
    pd.read_csv legacy      -> 258357842676.40994  0x1.e13a9e97a3479p+37
    pd.read_csv high        -> 258357842676.40997  0x1.e13a9e97a347ap+37

  —— 归属于母公司股东权益合计[17]，源文本 '206782990983.249970'
  源文本 '206782990983.249970'
    float(text)                 -> 206782990983.24997  0x1.8129d05439fffp+37
    pd.to_numeric(Series)[0]    -> np.float64(206782990983.24997)  0x1.8129d05439fffp+37
    Series.astype(float)[0]     -> np.float64(206782990983.24997)  0x1.8129d05439fffp+37
    pd.read_csv 默认          -> 206782990983.24997  0x1.8129d05439fffp+37
    pd.read_csv round_trip  -> 206782990983.24997  0x1.8129d05439fffp+37
    pd.read_csv legacy      -> 206782990983.24994  0x1.8129d05439ffep+37
    pd.read_csv high        -> 206782990983.24997  0x1.8129d05439fffp+37

  读法: float()/json 走 strtod（正确舍入，跨版本稳定）；
        pd.to_numeric 与 pd.read_csv 各自走 pandas 的解析核，
        其中 xstrtod 一类核先按十进制累积再除 10^k，
        在 long double 精度不同的平台上对 17~18 位输入不保证同一结果。

========================================================================
[4b] 靶子：CI 右值的位型能否由本机任何一条路径复现
========================================================================

  —— 流动资产合计[11] 源文本 '218472857114.409970'
     正确舍入     : 218472857114.40997  0x1.96eff9f0d347ap+37
     CI 报的右值  : 218472857114.41  0x1.96eff9f0d347bp+37
     两者相差     : 1 ULP，rel=1.4e-16
  float(text)               -> 218472857114.40997       0x1.96eff9f0d347ap+37  未命中
  pd.to_numeric             -> 218472857114.40997       0x1.96eff9f0d347ap+37  未命中
  Series.astype(float)      -> 218472857114.40997       0x1.96eff9f0d347ap+37  未命中
  read_csv 默认               -> 218472857114.40997       0x1.96eff9f0d347ap+37  未命中
  read_csv high             -> 218472857114.40997       0x1.96eff9f0d347ap+37  未命中
  read_csv legacy           -> 218472857114.40994       0x1.96eff9f0d3479p+37  未命中
  read_csv round_trip       -> 218472857114.40997       0x1.96eff9f0d347ap+37  未命中
  各位数字拼整数再除 10^k            -> 218472857114.40997       0x1.96eff9f0d347ap+37  未命中
  先印 15 位有效再读回              -> 218472857114.41          0x1.96eff9f0d347bp+37  命中 CI 位型
  先印 17 位有效再读回              -> 218472857114.40997       0x1.96eff9f0d347ap+37  未命中
     本机 10 条路径命中 1 条

  —— 资产总计[10] 源文本 '272699660092.249970'
     正确舍入     : 272699660092.24997  0x1.fbf154b9e1fffp+37
     CI 报的右值  : 272699660092.25  0x1.fbf154b9e2000p+37
     两者相差     : 1 ULP，rel=1.12e-16
  float(text)               -> 272699660092.24997       0x1.fbf154b9e1fffp+37  未命中
  pd.to_numeric             -> 272699660092.24997       0x1.fbf154b9e1fffp+37  未命中
  Series.astype(float)      -> 272699660092.24997       0x1.fbf154b9e1fffp+37  未命中
  read_csv 默认               -> 272699660092.24997       0x1.fbf154b9e1fffp+37  未命中
  read_csv high             -> 272699660092.24997       0x1.fbf154b9e1fffp+37  未命中
  read_csv legacy           -> 272699660092.24994       0x1.fbf154b9e1ffep+37  未命中
  read_csv round_trip       -> 272699660092.24997       0x1.fbf154b9e1fffp+37  未命中
  各位数字拼整数再除 10^k            -> 272699660092.24997       0x1.fbf154b9e1fffp+37  未命中
  先印 15 位有效再读回              -> 272699660092.25          0x1.fbf154b9e2000p+37  命中 CI 位型
  先印 17 位有效再读回              -> 272699660092.24997       0x1.fbf154b9e1fffp+37  未命中
     本机 10 条路径命中 1 条

  —— 资产总计[19] 源文本 '224702253941.129970'
     正确舍入     : 224702253941.12997  0x1.a28a625ba90a3p+37
     CI 报的右值  : 224702253941.13  0x1.a28a625ba90a4p+37
     两者相差     : 1 ULP，rel=1.36e-16
  float(text)               -> 224702253941.12997       0x1.a28a625ba90a3p+37  未命中
  pd.to_numeric             -> 224702253941.12997       0x1.a28a625ba90a3p+37  未命中
  Series.astype(float)      -> 224702253941.12997       0x1.a28a625ba90a3p+37  未命中
  read_csv 默认               -> 224702253941.12997       0x1.a28a625ba90a3p+37  未命中
  read_csv high             -> 224702253941.12997       0x1.a28a625ba90a3p+37  未命中
  read_csv legacy           -> 224702253941.12994       0x1.a28a625ba90a2p+37  未命中
  read_csv round_trip       -> 224702253941.12997       0x1.a28a625ba90a3p+37  未命中
  各位数字拼整数再除 10^k            -> 224702253941.12997       0x1.a28a625ba90a3p+37  未命中
  先印 15 位有效再读回              -> 224702253941.13          0x1.a28a625ba90a4p+37  命中 CI 位型
  先印 17 位有效再读回              -> 224702253941.12997       0x1.a28a625ba90a3p+37  未命中
     本机 10 条路径命中 1 条

  —— 未分配利润[7] 源文本 '192903581645.129970'
     正确舍入     : 192903581645.12997  0x1.674f987e690a3p+37
     CI 报的右值  : 192903581645.13  0x1.674f987e690a4p+37
     两者相差     : 1 ULP，rel=1.58e-16
  float(text)               -> 192903581645.12997       0x1.674f987e690a3p+37  未命中
  pd.to_numeric             -> 192903581645.12997       0x1.674f987e690a3p+37  未命中
  Series.astype(float)      -> 192903581645.12997       0x1.674f987e690a3p+37  未命中
  read_csv 默认               -> 192903581645.12997       0x1.674f987e690a3p+37  未命中
  read_csv high             -> 192903581645.12997       0x1.674f987e690a3p+37  未命中
  read_csv legacy           -> 192903581645.12994       0x1.674f987e690a2p+37  未命中
  read_csv round_trip       -> 192903581645.12997       0x1.674f987e690a3p+37  未命中
  各位数字拼整数再除 10^k            -> 192903581645.12997       0x1.674f987e690a3p+37  未命中
  先印 15 位有效再读回              -> 192903581645.13          0x1.674f987e690a4p+37  命中 CI 位型
  先印 17 位有效再读回              -> 192903581645.12997       0x1.674f987e690a3p+37  未命中
     本机 10 条路径命中 1 条

  —— 归属于母公司股东权益合计[5] 源文本 '258357842676.409970'
     正确舍入     : 258357842676.40997  0x1.e13a9e97a347ap+37
     CI 报的右值  : 258357842676.41  0x1.e13a9e97a347bp+37
     两者相差     : 1 ULP，rel=1.18e-16
  float(text)               -> 258357842676.40997       0x1.e13a9e97a347ap+37  未命中
  pd.to_numeric             -> 258357842676.40997       0x1.e13a9e97a347ap+37  未命中
  Series.astype(float)      -> 258357842676.40997       0x1.e13a9e97a347ap+37  未命中
  read_csv 默认               -> 258357842676.40997       0x1.e13a9e97a347ap+37  未命中
  read_csv high             -> 258357842676.40997       0x1.e13a9e97a347ap+37  未命中
  read_csv legacy           -> 258357842676.40994       0x1.e13a9e97a3479p+37  未命中
  read_csv round_trip       -> 258357842676.40997       0x1.e13a9e97a347ap+37  未命中
  各位数字拼整数再除 10^k            -> 258357842676.40997       0x1.e13a9e97a347ap+37  未命中
  先印 15 位有效再读回              -> 258357842676.41          0x1.e13a9e97a347bp+37  命中 CI 位型
  先印 17 位有效再读回              -> 258357842676.40997       0x1.e13a9e97a347ap+37  未命中
     本机 10 条路径命中 1 条

  —— 归属于母公司股东权益合计[17] 源文本 '206782990983.249970'
     正确舍入     : 206782990983.24997  0x1.8129d05439fffp+37
     CI 报的右值  : 206782990983.25  0x1.8129d0543a000p+37
     两者相差     : 1 ULP，rel=1.48e-16
  float(text)               -> 206782990983.24997       0x1.8129d05439fffp+37  未命中
  pd.to_numeric             -> 206782990983.24997       0x1.8129d05439fffp+37  未命中
  Series.astype(float)      -> 206782990983.24997       0x1.8129d05439fffp+37  未命中
  read_csv 默认               -> 206782990983.24997       0x1.8129d05439fffp+37  未命中
  read_csv high             -> 206782990983.24997       0x1.8129d05439fffp+37  未命中
  read_csv legacy           -> 206782990983.24994       0x1.8129d05439ffep+37  未命中
  read_csv round_trip       -> 206782990983.24997       0x1.8129d05439fffp+37  未命中
  各位数字拼整数再除 10^k            -> 206782990983.24997       0x1.8129d05439fffp+37  未命中
  先印 15 位有效再读回              -> 206782990983.25          0x1.8129d0543a000p+37  命中 CI 位型
  先印 17 位有效再读回              -> 206782990983.24997       0x1.8129d05439fffp+37  未命中
     本机 10 条路径命中 1 条

  读法：命中 %.15g 那条不是「又一个解析核」，它是渲染位数的问题——
        CI 右值那个文本既可以是 1 ULP 之外 double 的最短表示，
        也可以是同一个正确 double 被按 15 位有效数字印出来；
        两种解释给出的文本一模一样，从 CI 日志分不开。
        本轮不需要分：两个解释都是「同一个数、最后一位有效数字的呈现差」，
        rel 1.4e-16，落在 AC-6 自己的 rtol=1e-9 里；
        要判的从来不是「repr 相等」，而是「取值在容忍度内」。

========================================================================
[4c] 跨栈复现：CI 解析出来的那套 pandas/numpy 能否在本机复现右值
========================================================================
  跑法（同一个脚本，两个解释器各跑一遍，两份输出都进 attribution.log）：
    本机栈    : python docs/evidence/C37/attribution.py
    CI 同装栈 : /tmp/venv-pd306/bin/python docs/evidence/C37/attribution.py
                （python -m venv /tmp/venv-pd306 && pip install pandas==3.0.6 numpy==2.4.6，版本抄自 CI 的 Successfully installed 清单）
  流动资产合计[11]                   pd.to_numeric -> '218472857114.40997'   CI 右值 '218472857114.41'      未复现
  资产总计[10]                     pd.to_numeric -> '272699660092.24997'   CI 右值 '272699660092.25'      未复现
  资产总计[19]                     pd.to_numeric -> '224702253941.12997'   CI 右值 '224702253941.13'      未复现
  未分配利润[7]                     pd.to_numeric -> '192903581645.12997'   CI 右值 '192903581645.13'      未复现
  归属于母公司股东权益合计[5]              pd.to_numeric -> '258357842676.40997'   CI 右值 '258357842676.41'      未复现
  归属于母公司股东权益合计[17]             pd.to_numeric -> '206782990983.24997'   CI 右值 '206782990983.25'      未复现
  => 本栈（pandas 3.0.6 / numpy 2.4.6）复现 0 例。
     搬运层真函数在两个栈里都跑过（见 cross-env-port-replay.txt）：
     pandas 3.0.6 / numpy 2.4.6 下这六格仍是 ...40997，
     所以「CI 装了 pandas 3.x 所以解析核不同」这条假设被实测否掉。
     simplejson 也在本机装着（requests 的 .json() 走它），
     它对这六个字面量给的是正确舍入值，同样不是这一面。
     剩下没测的一条：CI 是 x86-64 Linux + python 3.11，
     pandas 的字符串解析核在 long double 上累加，跨平台位型可变；
     本机是 arm64 macOS（long double == double），装不到那个平台。
     要闭死它需要在 Linux 容器里跑同一个脚本 —— 本机 docker daemon 未启动，
     起 VM 不在本轮范围内，留作下一步。

========================================================================
[4d] 时间面：CI 报错的 commit 上，代码与夹具是不是现在这一份
========================================================================
  判据文件与搬运层在 e2f1c60（三次红的 headSha）到 HEAD 之间的差异：
    $ git diff --stat e2f1c60 HEAD -- opendata_http/stock_fundamental/stock_finance_sina.py
    $ git show e2f1c60:opendata_http/stock_fundamental/stock_finance_sina.py | grep -n 'to_numeric'
    $ git show e2f1c60:tests/fixtures/upstream/financial_statement/reference.csv.gz | gzip -dc | 取 流动资产合计[11]
    $ git show e2f1c60:scripts/codemod/compare_with_upstream.py | grep -n 'def _cell' -A 23
  => 实测结论（记在 README §2）：那一行 pd.to_numeric 逐字未变，
     旧 _cell 的非数值分支同样是 str(value)，
     e2f1c60 的夹具里源文本仍是 218472857114.409970、格子文本仍是 ...40997。
     代码与夹具两侧都不是变量，剩下的唯一变量是跑它的环境。

========================================================================
[5] 反事实：CI 报错的六对照，逐条喂给旧判据与新判据
========================================================================
  （左=录制夹具文本，右=CI 上搬运层印出来的 str()）
  六对取值逐字抄自 docs/evidence/C36/ci-red-streak-0923-cause.txt 的 assert 行

  —— 流动资产合计[11]: '218472857114.40997' vs '218472857114.41'
    右值自洽性: str(float('218472857114.41')) 仍是 '218472857114.41' -> True（与左值相差 1 ULP）
    旧判据（按文本判）: 红
    新判据: diff=0 条，容忍度说明=1 条
      cell col[0]: 文本不同但浮点在 rtol=1e-09 内一致（218472857114.40997 -> 218472857114.41，abs=3.05e-05，rel=1.4e-16）

  —— 资产总计[10]: '272699660092.24997' vs '272699660092.25'
    右值自洽性: str(float('272699660092.25')) 仍是 '272699660092.25' -> True（与左值相差 1 ULP）
    旧判据（按文本判）: 红
    新判据: diff=0 条，容忍度说明=1 条
      cell col[0]: 文本不同但浮点在 rtol=1e-09 内一致（272699660092.24997 -> 272699660092.25，abs=3.05e-05，rel=1.12e-16）

  —— 资产总计[19]: '224702253941.12997' vs '224702253941.13'
    右值自洽性: str(float('224702253941.13')) 仍是 '224702253941.13' -> True（与左值相差 1 ULP）
    旧判据（按文本判）: 红
    新判据: diff=0 条，容忍度说明=1 条
      cell col[0]: 文本不同但浮点在 rtol=1e-09 内一致（224702253941.12997 -> 224702253941.13，abs=3.05e-05，rel=1.36e-16）

  —— 未分配利润[7]: '192903581645.12997' vs '192903581645.13'
    右值自洽性: str(float('192903581645.13')) 仍是 '192903581645.13' -> True（与左值相差 1 ULP）
    旧判据（按文本判）: 红
    新判据: diff=0 条，容忍度说明=1 条
      cell col[0]: 文本不同但浮点在 rtol=1e-09 内一致（192903581645.12997 -> 192903581645.13，abs=3.05e-05，rel=1.58e-16）

  —— 归属于母公司股东权益合计[5]: '258357842676.40997' vs '258357842676.41'
    右值自洽性: str(float('258357842676.41')) 仍是 '258357842676.41' -> True（与左值相差 1 ULP）
    旧判据（按文本判）: 红
    新判据: diff=0 条，容忍度说明=1 条
      cell col[0]: 文本不同但浮点在 rtol=1e-09 内一致（258357842676.40997 -> 258357842676.41，abs=3.05e-05，rel=1.18e-16）

  —— 归属于母公司股东权益合计[17]: '206782990983.24997' vs '206782990983.25'
    右值自洽性: str(float('206782990983.25')) 仍是 '206782990983.25' -> True（与左值相差 1 ULP）
    旧判据（按文本判）: 红
    新判据: diff=0 条，容忍度说明=1 条
      cell col[0]: 文本不同但浮点在 rtol=1e-09 内一致（206782990983.24997 -> 206782990983.25，abs=3.05e-05，rel=1.48e-16）

========================================================================
[6] 量级：漂移相对 AC-6 容忍度是多少
========================================================================
  流动资产合计[11]: abs=3.0517578125e-05 rel=1.3968590207532527e-16 ULP=1
  资产总计[10]: abs=3.0517578125e-05 rel=1.1190911684553032e-16 ULP=1
  资产总计[19]: abs=3.0517578125e-05 rel=1.3581340458202674e-16 ULP=1
  未分配利润[7]: abs=3.0517578125e-05 rel=1.5820120012670819e-16 ULP=1
  归属于母公司股东权益合计[5]: abs=3.0517578125e-05 rel=1.1812135373503212e-16 ULP=1
  归属于母公司股东权益合计[17]: abs=3.0517578125e-05 rel=1.4758263230398874e-16 ULP=1
  AC-6 RTOL = 1e-09（rel 差远小于它；abs 差不是判据里的量）
exitB=0
