{
  "domain": "stock_daily",
  "sources": [
    "ths"
  ],
  "window": {
    "start": "2026-09-24",
    "end": "2026-09-24"
  },
  "symbols": 2,
  "per_source": {
    "ths": {
      "pipeline_id": "stock_daily:ths:2026-09-24..2026-09-24",
      "rows_written": 2,
      "shards_total": 1,
      "shards_done": 1,
      "shards_failed": 0,
      "resumed_shards": 0
    }
  },
  "dwd_rows": 2,
  "freshness": {
    "ods:ths": "2026-09-24",
    "dwd": "2026-09-24"
  }
}
failures: 0
ods ths 09-24: [('000001.SZ', datetime.date(2026, 9, 24), 1790179200000, 11.3, 'ths', 'debd7e7d-83d0-4a31-9145-0c7eb8652dad'), ('600519.SH', datetime.date(2026, 9, 24), 1790179200000, 1237.0, 'ths', 'debd7e7d-83d0-4a31-9145-0c7eb8652dad')]
dwd 09-24: [('000001', datetime.date(2026, 9, 24), 11.3, 104381872.0, 'ths', 0, datetime.date(2026, 9, 24)), ('600519', datetime.date(2026, 9, 24), 1237.0, 3123935.0, 'ths', 0, datetime.date(2026, 9, 24))]
dwd max: [(datetime.date(2026, 9, 24), 719316)]
Exception ignored in: <function Connection.__del__ at 0x110371d00>
Traceback (most recent call last):
  File "/Users/yunjinqi/opt/anaconda3/envs/py313/lib/python3.13/site-packages/aiomysql/connection.py", line 1131, in __del__
  File "/Users/yunjinqi/opt/anaconda3/envs/py313/lib/python3.13/site-packages/aiomysql/connection.py", line 339, in close
  File "/Users/yunjinqi/opt/anaconda3/envs/py313/lib/python3.13/asyncio/selector_events.py", line 1205, in close
  File "/Users/yunjinqi/opt/anaconda3/envs/py313/lib/python3.13/asyncio/selector_events.py", line 865, in close
  File "/Users/yunjinqi/opt/anaconda3/envs/py313/lib/python3.13/asyncio/base_events.py", line 833, in call_soon
  File "/Users/yunjinqi/opt/anaconda3/envs/py313/lib/python3.13/asyncio/base_events.py", line 556, in _check_closed
RuntimeError: Event loop is closed
